This is pdfTeX, Version 3.141592653-2.6-1.40.29 (TeX Live 2026) (preloaded format=pdflatex 2026.8.2)  8 AUG 2026 19:34
entering extended mode
 restricted \write18 enabled.
 %&-line parsing enabled.
**main.tex
(./main.tex
LaTeX2e <2026-06-01>
L3 programming layer <2026-06-18>
(c:/texlive/2026/texmf-dist/tex/latex/abntex2/abntex2.cls
Document Class: abntex2 2018/11/24 v-1.9.7 abnTeX2
(c:/texlive/2026/texmf-dist/tex/latex/base/ifthen.sty
Package: ifthen 2024/03/16 v1.1e Standard LaTeX ifthen package (DPC)
)
(c:/texlive/2026/texmf-dist/tex/latex/memoir/memoir.cls
Document Class: memoir 2025/11/04 v3.8.4b configurable book, report, article do
cument class
(c:/texlive/2026/texmf-dist/tex/latex/xpatch/xpatch.sty
(c:/texlive/2026/texmf-dist/tex/latex/l3kernel/expl3.sty
Package: expl3 2026-06-18 L3 programming layer (loader) 

(c:/texlive/2026/texmf-dist/tex/latex/l3backend/l3backend-pdftex.def
File: l3backend-pdftex.def 2026-02-18 L3 backend support: PDF output (pdfTeX)
\l__color_backend_stack_int=\count276
))
Package: xpatch 2020/03/25 v0.3a Extending etoolbox patching commands

(c:/texlive/2026/texmf-dist/tex/latex/l3packages/xparse/xparse.sty
Package: xparse 2025-10-09 L3 Experimental document command parser
)
(c:/texlive/2026/texmf-dist/tex/latex/etoolbox/etoolbox.sty
Package: etoolbox 2025/10/02 v2.5m e-TeX tools for LaTeX (JAW)
\etb@tempcnta=\count277
))
\onelineskip=\skip49
\lxvchars=\skip50
\xlvchars=\skip51
\@memcnta=\count278
\c@@memmarkcntra=\count279

(c:/texlive/2026/texmf-dist/tex/generic/iftex/iftex.sty
Package: iftex 2024/12/12 v1.0g TeX engine tests
)
\trimtop=\skip52
\trimedge=\skip53

(c:/texlive/2026/texmf-dist/tex/latex/memoir/mem12.clo
File: mem12.clo 2022/07/29 v0.5 memoir class 12pt size option
)
\binding=\skip54
\spinemargin=\skip55
\foremargin=\skip56
\uppermargin=\skip57
\lowermargin=\skip58
\headdrop=\skip59
\normalrulethickness=\skip60
\mem@maxheadheight=\skip61
\mem@maxfootheight=\skip62
\headwidth=\skip63
\c@storedpagenumber=\count280
\memPD=\dimen150
\m@mabparskip=\skip64
\thanksmarkwidth=\skip65
\thanksmarksep=\skip66
\droptitle=\skip67
\c@book=\count281
\c@part=\count282
\c@chapter=\count283
\c@section=\count284
\c@subsection=\count285
\c@subsubsection=\count286
\c@paragraph=\count287
\c@subparagraph=\count288
\beforechapskip=\skip68
\midchapskip=\skip69
\afterchapskip=\skip70
\chapindent=\skip71
\bottomsectionskip=\skip72
\secindent=\skip73
\beforesecskip=\skip74
\aftersecskip=\skip75
\subsecindent=\skip76
\beforesubsecskip=\skip77
\aftersubsecskip=\skip78
\subsubsecindent=\skip79
\beforesubsubsecskip=\skip80
\aftersubsubsecskip=\skip81
\paraindent=\skip82
\beforeparaskip=\skip83
\afterparaskip=\skip84
\subparaindent=\skip85
\beforesubparaskip=\skip86
\aftersubparaskip=\skip87
\pfbreakskip=\skip88
\c@@ppsavesec=\count289
\c@@ppsaveapp=\count290
\ragrparindent=\dimen151
\everylistparindent=\dimen152
\parsepi=\skip89
\topsepi=\skip90
\itemsepi=\skip91
\parsepii=\skip92
\topsepii=\skip93
\topsepiii=\skip94
\itemsepii=\skip95
\itemsepiii=\skip96
\partopsepii=\skip97
\partopsepiii=\skip98
\m@msavetopsep=\skip99
\m@msavepartopsep=\skip100
\@enLab=\toks17
\abstitleskip=\skip101
\absleftindent=\skip102
\abs@leftindent=\dimen153
\absrightindent=\skip103
\absparindent=\skip104
\absparsep=\skip105
\c@vslineno=\count291
\c@poemline=\count292
\c@modulo@vs=\count293
\c@memfvsline=\count294
\vleftskip=\skip106
\vrightskip=\skip107
\stanzaskip=\skip108
\versewidth=\skip109
\vgap=\skip110
\vindent=\skip111
\vleftmargin=\dimen154
\c@verse=\count295
\c@chrsinstr=\count296
\beforepoemtitleskip=\skip112
\afterpoemtitleskip=\skip113
\c@poem=\count297
\beforePoemTitleskip=\skip114
\midPoemTitleskip=\skip115
\afterPoemTitleskip=\skip116

(c:/texlive/2026/texmf-dist/tex/latex/tools/array.sty
Package: array 2026/02/24 v2.7b Tabular extension package (FMi)
\col@sep=\dimen155
\ar@mcellbox=\box53
\extrarowheight=\dimen156
\NC@list=\toks18
\extratabsurround=\skip117
\backup@length=\skip118
\ar@cellbox=\box54
)
(c:/texlive/2026/texmf-dist/tex/latex/tools/dcolumn.sty
Package: dcolumn 2025/10/21 v1.06 decimal alignment package (DPC)
)
(c:/texlive/2026/texmf-dist/tex/latex/tools/delarray.sty
Package: delarray 2014/10/28 v1.01 array delimiter package (DPC)
)
(c:/texlive/2026/texmf-dist/tex/latex/tools/tabularx.sty
Package: tabularx 2023/12/11 v2.12a `tabularx' package (DPC)
\TX@col@width=\dimen157
\TX@old@table=\dimen158
\TX@old@col=\dimen159
\TX@target=\dimen160
\TX@delta=\dimen161
\TX@cols=\count298
\TX@ftn=\toks19
)
(c:/texlive/2026/texmf-dist/tex/latex/booktabs/booktabs.sty
Package: booktabs 2020/01/12 v1.61803398 Publication quality tables
\heavyrulewidth=\dimen162
\lightrulewidth=\dimen163
\cmidrulewidth=\dimen164
\belowrulesep=\dimen165
\belowbottomsep=\dimen166
\aboverulesep=\dimen167
\abovetopsep=\dimen168
\cmidrulesep=\dimen169
\cmidrulekern=\dimen170
\defaultaddspace=\dimen171
\@cmidla=\count299
\@cmidlb=\count300
\@aboverulesep=\dimen172
\@belowrulesep=\dimen173
\@thisruleclass=\count301
\@lastruleclass=\count302
\@thisrulewidth=\dimen174
)
\ctableftskip=\skip119
\ctabrightskip=\skip120
\abovecolumnspenalty=\count303
\@linestogo=\count304
\@cellstogo=\count305
\@cellsincolumn=\count306
\crtok=\toks20
\@mincolumnwidth=\dimen175
\c@newflo@tctr=\count307
\mem@margin@floatbox=\box55
\@contcwidth=\skip121
\@contindw=\skip122
\abovecaptionskip=\skip123
\belowcaptionskip=\skip124
\subfloattopskip=\skip125
\subfloatcapskip=\skip126
\subfloatcaptopadj=\skip127
\subfloatbottomskip=\skip128
\subfloatlabelskip=\skip129
\subfloatcapmargin=\dimen176
\c@@contsubnum=\count308
\m@mscap@capbox=\box56
\m@mscap@fbox=\box57
\sidecapsep=\dimen177
\sidecapwidth=\dimen178
\m@m@tempdima=\dimen179
\m@mscapraise=\dimen180
\sidecapraise=\dimen181
\m@mscapmainwidth=\dimen182
\m@mscaplkern=\dimen183
\beforeepigraphskip=\skip130
\afterepigraphskip=\skip131
\epigraphwidth=\skip132
\epigraphrule=\skip133

(c:/texlive/2026/texmf-dist/tex/latex/hyperref/nameref.sty
Package: nameref 2026-01-29 v2.58 Cross-referencing by name of section

(c:/texlive/2026/texmf-dist/tex/latex/refcount/refcount.sty
Package: refcount 2019/12/15 v3.6 Data extraction from label references (HO)

(c:/texlive/2026/texmf-dist/tex/generic/ltxcmds/ltxcmds.sty
Package: ltxcmds 2023-12-04 v1.26 LaTeX kernel commands for general use (HO)
)
(c:/texlive/2026/texmf-dist/tex/generic/infwarerr/infwarerr.sty
Package: infwarerr 2019/12/03 v1.5 Providing info/warning/error messages (HO)
))
(c:/texlive/2026/texmf-dist/tex/generic/gettitlestring/gettitlestring.sty
Package: gettitlestring 2019/12/15 v1.6 Cleanup title references (HO)

(c:/texlive/2026/texmf-dist/tex/latex/kvoptions/kvoptions.sty
Package: kvoptions 2022-06-15 v3.15 Key value format for package options (HO)

(c:/texlive/2026/texmf-dist/tex/latex/graphics/keyval.sty
Package: keyval 2026-05-17 v1.15 key=value parser (DPC)
\KV@toks@=\toks21
)
(c:/texlive/2026/texmf-dist/tex/latex/kvsetkeys/kvsetkeys.sty
Package: kvsetkeys 2022-10-05 v1.19 Key value parser (HO)
)))
\c@section@level=\count309
)
\tocentryskip=\skip134
\tocbaseline=\skip135
\cftparskip=\skip136
\cftbeforebookskip=\skip137
\cftbookindent=\dimen184
\cftbooknumwidth=\dimen185
\cftbeforepartskip=\skip138
\cftpartindent=\skip139
\cftpartnumwidth=\skip140
\cftbeforechapterskip=\skip141
\cftchapterindent=\skip142
\cftchapternumwidth=\skip143
\cftbeforesectionskip=\skip144
\cftsectionindent=\skip145
\cftsectionnumwidth=\skip146
\cftbeforesubsectionskip=\skip147
\cftsubsectionindent=\skip148
\cftsubsectionnumwidth=\skip149
\cftbeforesubsubsectionskip=\skip150
\cftsubsubsectionindent=\skip151
\cftsubsubsectionnumwidth=\skip152
\cftbeforeparagraphskip=\skip153
\cftparagraphindent=\skip154
\cftparagraphnumwidth=\skip155
\cftbeforesubparagraphskip=\skip156
\cftsubparagraphindent=\skip157
\cftsubparagraphnumwidth=\skip158
\prechapterprecisshift=\dimen186
\c@maxsecnumdepth=\count310
\bibindent=\dimen187
\bibitemsep=\skip159
\indexcolsep=\skip160
\indexrule=\skip161
\indexmarkstyle=\toks22
\@indexbox=\insert252
LaTeX Info: Redefining \raggedbottom on input line 8095.
LaTeX Info: Redefining \flushbottom on input line 8099.
\glossarycolsep=\dimen188
\glossaryrule=\dimen189
\sideparvshift=\skip162
\sideins=\insert251
\sidebartopsep=\skip163
\sidebarhsep=\skip164
\sidebarvsep=\skip165
\sidebarwidth=\skip166
\footmarkwidth=\skip167
\footmarksep=\skip168
\footparindent=\skip169
\footinsdim=\skip170
\footinsv@r=\insert250
\@mpfootinsv@r=\insert249
\m@m@k=\count311
\m@m@h=\dimen190
\m@mipn@skip=\skip171
\sidefootins=\insert248
\sidefootadjust=\skip172
\sidefootheight=\skip173
\sidefoothsep=\skip174
\sidefootvsep=\skip175
\sidefootwidth=\skip176
\m@mdownsf=\skip177
\c@sidefootnote=\count312
\sidefootmarkwidth=\skip178
\sidefootmarksep=\skip179
\sidefootparindent=\skip180
\c@pagenote=\count313
\c@pagenoteshadow=\count314
\mem@pn@lastkern=\skip181

(c:/texlive/2026/texmf-dist/tex/latex/tools/verbatim.sty
Package: verbatim 2024-01-22 v1.5x LaTeX2e package for verbatim enhancements
\every@verbatim=\toks23
\verbatim@line=\toks24
\verbatim@in@stream=\read2
)
\verbatimindent=\skip182
\verbatim@out=\write3

(c:/texlive/2026/texmf-dist/tex/latex/base/shortvrb.sty
Package: shortvrb 2026-03-13 v3.0r Standard LaTeX documentation package V3 (FMi
)
)
\bvboxsep=\skip183
\c@memfbvline=\count315
\c@bvlinectr=\count316
\bvnumlength=\skip184
\fb@frw=\dimen191
\fb@frh=\dimen192
\FrameRule=\dimen193
\FrameSep=\dimen194
\c@cp@cntr=\count317
\c@ism@mctr=\count318
\c@xsm@mctr=\count319
\c@csm@mctr=\count320
\c@ksm@mctr=\count321
\c@xksm@mctr=\count322
\c@cksm@mctr=\count323
\c@msm@mctr=\count324
\c@xmsm@mctr=\count325
\c@cmsm@mctr=\count326
\c@bsm@mctr=\count327
\c@workm@mctr=\count328
\c@sheetsequence=\count329
\c@lastsheet=\count330
\c@lastpage=\count331
\c@figure=\count332
\c@lofdepth=\count333
\cftbeforefigureskip=\skip185
\cftfigureindent=\skip186
\cftfigurenumwidth=\skip187
\c@table=\count334
\c@lotdepth=\count335
\cftbeforetableskip=\skip188
\cfttableindent=\skip189
\cfttablenumwidth=\skip190
Package abstract [2008/07/23] emulated by memoir.
Package appendix [2008/07/23] emulated by memoir.
Package ccaption [2008/07/23] emulated by memoir.
Package changepage [2008/07/23] emulated by memoir.
Package chngcntr [2008/07/23] emulated by memoir.
Package chngpage [2008/07/23] emulated by memoir.
Package crop emulated by memoir.
Package enumerate [2008/07/23] emulated by memoir.
Package epigraph [2008/07/23] emulated by memoir.
Package ifmtarg [2008/07/23] emulated by memoir.
Package index [2008/07/23] emulated by memoir.
Package makeidx [2008/07/23] emulated by memoir.
Package moreverb [2008/07/23] emulated by memoir.
Package needspace [2008/07/23] emulated by memoir.
Package newfile [2008/07/23] emulated by memoir.
Package nextpage [2008/07/23] emulated by memoir.
Package pagenote [2008/07/23] emulated by memoir.
Package parskip [2008/07/23] emulated by memoir.
Package patchcmd [2008/07/23] emulated by memoir.
Package setspace [2008/07/23] emulated by memoir.
Package showidx [2008/07/23] emulated by memoir.
Package titleref [2008/07/23] emulated by memoir.
Package titling [2008/07/23] emulated by memoir.
Package tocbibind [2008/07/23] emulated by memoir.
Package tocloft [2008/07/23] emulated by memoir.
Package tocvsec2 [2008/07/23] emulated by memoir.
Package verse [2008/07/23] emulated by memoir.
)
(c:/texlive/2026/texmf-dist/tex/latex/textcase/textcase.sty
Package: textcase 2025/02/16 v1.05 Text only upper/lower case changing (DPC)
Package textcase Info: Defining Legacy names on input line 20.
)
(c:/texlive/2026/texmf-dist/tex/latex/hyperref/hyperref.sty
Package: hyperref 2026-06-17 v7.01r Hypertext links for LaTeX

(c:/texlive/2026/texmf-dist/tex/generic/kvdefinekeys/kvdefinekeys.sty
Package: kvdefinekeys 2019-12-19 v1.6 Define keys (HO)
)
(c:/texlive/2026/texmf-dist/tex/generic/pdfescape/pdfescape.sty
Package: pdfescape 2019/12/09 v1.15 Implements pdfTeX's escape features (HO)

(c:/texlive/2026/texmf-dist/tex/generic/pdftexcmds/pdftexcmds.sty
Package: pdftexcmds 2020-06-27 v0.33 Utility functions of pdfTeX for LuaTeX (HO
)
Package pdftexcmds Info: \pdf@primitive is available.
Package pdftexcmds Info: \pdf@ifprimitive is available.
Package pdftexcmds Info: \pdfdraftmode found.
))
(c:/texlive/2026/texmf-dist/tex/latex/hycolor/hycolor.sty
Package: hycolor 2020-01-27 v1.10 Color options for hyperref/bookmark (HO)
)
(c:/texlive/2026/texmf-dist/tex/generic/stringenc/stringenc.sty
Package: stringenc 2019/11/29 v1.12 Convert strings between diff. encodings (HO
)
)
\@linkdim=\dimen195
\Hy@linkcounter=\count336
\Hy@pagecounter=\count337

(c:/texlive/2026/texmf-dist/tex/latex/hyperref/pd1enc.def
File: pd1enc.def 2026-06-17 v7.01r Hyperref: PDFDocEncoding definition (HO)
Now handling font encoding PD1 ...
... no UTF-8 mapping file for font encoding PD1
)
(c:/texlive/2026/texmf-dist/tex/generic/intcalc/intcalc.sty
Package: intcalc 2019/12/15 v1.3 Expandable calculations with integers (HO)
)
\Hy@SavedSpaceFactor=\count338

(c:/texlive/2026/texmf-dist/tex/latex/hyperref/puenc.def
File: puenc.def 2026-06-17 v7.01r Hyperref: PDF Unicode definition (HO)
Now handling font encoding PU ...
... no UTF-8 mapping file for font encoding PU
)
Package hyperref Info: Hyper figures OFF on input line 4199.
Package hyperref Info: Link nesting OFF on input line 4204.
Package hyperref Info: Hyper index ON on input line 4207.
Package hyperref Info: Plain pages OFF on input line 4214.
Package hyperref Info: Backreferencing OFF on input line 4219.
Package hyperref Info: Implicit mode ON; LaTeX internals redefined.
Package hyperref Info: Bookmarks ON on input line 4466.
\c@Hy@tempcnt=\count339

(c:/texlive/2026/texmf-dist/tex/latex/url/url.sty
\Urlmuskip=\muskip17
Package: url 2013/09/16  ver 3.4  Verb mode for urls, etc.
)
LaTeX Info: Redefining \url on input line 4805.
\XeTeXLinkMargin=\dimen196

(c:/texlive/2026/texmf-dist/tex/generic/bitset/bitset.sty
Package: bitset 2019/12/09 v1.3 Handle bit-vector datatype (HO)

(c:/texlive/2026/texmf-dist/tex/generic/bigintcalc/bigintcalc.sty
Package: bigintcalc 2019/12/15 v1.5 Expandable calculations on big integers (HO
)
))
\Fld@menulength=\count340
\Field@Width=\dimen197
\Fld@charsize=\dimen198
Package hyperref Info: Hyper figures OFF on input line 6091.
Package hyperref Info: Link nesting OFF on input line 6096.
Package hyperref Info: Hyper index ON on input line 6099.
Package hyperref Info: backreferencing OFF on input line 6106.
Package hyperref Info: Link coloring OFF on input line 6111.
Package hyperref Info: Link coloring with OCG OFF on input line 6116.
Package hyperref Info: PDF/A mode OFF on input line 6121.
\Hy@abspage=\count341
\c@Item=\count342
\c@Hfootnote=\count343
)
Package hyperref Info: Driver (autodetected): hpdftex.

(c:/texlive/2026/texmf-dist/tex/latex/hyperref/hpdftex.def
File: hpdftex.def 2026-06-17 v7.01r Hyperref driver for pdfTeX
\Fld@listcount=\count344
\c@bookmark@seq@number=\count345

(c:/texlive/2026/texmf-dist/tex/latex/rerunfilecheck/rerunfilecheck.sty
Package: rerunfilecheck 2025-06-21 v1.11 Rerun checks for auxiliary files (HO)

(c:/texlive/2026/texmf-dist/tex/generic/uniquecounter/uniquecounter.sty
Package: uniquecounter 2019/12/15 v1.4 Provide unlimited unique counter (HO)
)
Package uniquecounter Info: New unique counter `rerunfilecheck' on input line 2
84.
)
\Hy@SectionHShift=\skip191
)
(c:/texlive/2026/texmf-dist/tex/latex/memoir/memhfixc.sty
Package: memhfixc 2025/09/16 v1.24 hyperref package fixes for memoir class
\c@memhycontfloat=\count346
\c@mem@Hpagenote=\count347
)
(c:/texlive/2026/texmf-dist/tex/latex/bookmark/bookmark.sty
Package: bookmark 2026-05-21 v1.32 PDF bookmarks (HO)

(c:/texlive/2026/texmf-dist/tex/latex/bookmark/bkm-pdftex.def
File: bkm-pdftex.def 2026-05-21 v1.32 bookmark driver for pdfTeX (HO)
\BKM@id=\count348
))
(c:/texlive/2026/texmf-dist/tex/generic/babel/babel.sty
Package: babel 2026/06/14 v26.9 The multilingual framework for LuaLaTeX, pdfLaT
eX and XeLaTeX
\babel@savecnt=\count349
LaTeX Encoding Info:    Redeclaring text command \ij (encoding OT1) on input li
ne 2084.
LaTeX Encoding Info:    Redeclaring text command \IJ (encoding OT1) on input li
ne 2086.
LaTeX Encoding Info:    Redeclaring text command \ij (encoding T1) on input lin
e 2088.
LaTeX Encoding Info:    Redeclaring text command \IJ (encoding T1) on input lin
e 2089.
LaTeX Encoding Info:    Ignoring declaration for text command \ij (encoding ?) 
on input line 2090.
LaTeX Encoding Info:    Ignoring declaration for text command \IJ (encoding ?) 
on input line 2092.
LaTeX Encoding Info:    Ignoring declaration for text command \SS (encoding ?) 
on input line 2117.
\U@D=\dimen199
\l@unhyphenated=\language91

(c:/texlive/2026/texmf-dist/tex/generic/babel/txtbabel.def)
\bbl@readstream=\read3
\bbl@dirlevel=\count350

(c:/texlive/2026/texmf-dist/tex/generic/babel/locale/en/babel-english.tex)
(c:/texlive/2026/texmf-dist/tex/generic/babel/locale/fr/babel-french.tex)
(c:/texlive/2026/texmf-dist/tex/generic/babel/locale/es/babel-spanish.tex)
(c:/texlive/2026/texmf-dist/tex/generic/babel/locale/invalid/babel-brazil.tex)
Package babel Info: Importing font and identification data for 'english'
(babel)             from babel-en.ini. Reported on input line 4380.

(c:/texlive/2026/texmf-dist/tex/generic/babel-english/english.ldf
Language: english 2017/06/06 v3.3r English support from the babel system
Package babel Info: Hyphen rules for 'canadian' set to \l@english
(babel)             (\language0). Reported on input line 102.
Package babel Info: Hyphen rules for 'australian' set to \l@ukenglish
(babel)             (\language22). Reported on input line 105.
Package babel Info: Hyphen rules for 'newzealand' set to \l@ukenglish
(babel)             (\language22). Reported on input line 108.
)
Package babel Info: Importing font and identification data for 'french'
(babel)             from babel-fr.ini. Reported on input line 4380.

(c:/texlive/2026/texmf-dist/tex/generic/babel-french/french.ldf
Language: french 2026-06-06 v4.1a French support from the babel system

(c:/texlive/2026/texmf-dist/tex/generic/babel-french/french3.ldf
Language: french 2026-06-06 v3.7f French support from the babel system
\FB@stdchar=\count351
Package babel Info: Making : an active character on input line 266.
Package babel Info: Making ; an active character on input line 267.
Package babel Info: Making ! an active character on input line 268.
Package babel Info: Making ? an active character on input line 269.
\FBguill@level=\count352
\FBold@everypar=\toks25
\FB@Mht=\dimen256
\mc@charclass=\count353
\mc@charfam=\count354
\mc@charslot=\count355
\std@mcc=\count356
\dec@mcc=\count357
\listindentFB=\dimen257
\descindentFB=\dimen258
\labelwidthFB=\dimen259
\labelfullwidthFB=\dimen260
\FB@pardim=\dimen261
\parindentFFN=\dimen262
\FBfnindent=\dimen263
))
Package babel Info: Importing font and identification data for 'spanish'
(babel)             from babel-es.ini. Reported on input line 4380.

(c:/texlive/2026/texmf-dist/tex/generic/babel-spanish/spanish.ldf
Language: spanish.ldf 2021/05/27 v5.0q Spanish support from the babel system
\es@quottoks=\toks26
\es@quotdepth=\count358
Package babel Info: Making " an active character on input line 570.
Package babel Info: Making . an active character on input line 675.
Package babel Info: Making < an active character on input line 722.
Package babel Info: Making > an active character on input line 722.
)

Package babel Warning: Name 'brazil' is deprecated.
(babel)                Use 'brazilian' instead.
(babel)                Reported on input line 4380.

Package babel Info: Importing font and identification data for 'brazil'
(babel)             from babel-pt-BR.ini. Reported on input line 4380.
(c:/texlive/2026/texmf-dist/tex/generic/babel-portuges/brazilian.ldf
Language: portuges 2026/01/24 v1.2u Portuguese support from the babel system
Package babel Info: Hyphen rules for 'brazil' set to \l@portuguese
(babel)             (\language73). Reported on input line 100.
))
(c:/texlive/2026/texmf-dist/tex/latex/carlisle/scalefnt.sty)
(c:/texlive/2026/texmf-dist/tex/latex/enumitem/enumitem.sty
Package: enumitem 2025/02/06 v3.11 Customized lists
\labelindent=\skip192
\enit@outerparindent=\dimen264
\enit@toks=\toks27
\enit@inbox=\box58
\enit@count@id=\count359
\enitdp@description=\count360
)
(c:/texlive/2026/texmf-dist/tex/latex/tools/calc.sty
Package: calc 2025/03/01 v4.3b Infix arithmetic (KKT,FJ)
\calc@Acount=\count361
\calc@Bcount=\count362
\calc@Adimen=\dimen265
\calc@Bdimen=\dimen266
\calc@Askip=\skip193
\calc@Bskip=\skip194
LaTeX Info: Redefining \setlength on input line 86.
LaTeX Info: Redefining \addtolength on input line 87.
\calc@Ccount=\count363
\calc@Cskip=\skip195
)

******************************************************
Stock height and width: 845.04684pt by 597.50787pt
Top and edge trims: 0pt and 0pt
Page height and width: 845.04684pt by 597.50787pt
Text height and width: 708pt by 455pt
Spine and edge margins: 85.35826pt and 56.9055pt
Upper and lower margins: 85.35826pt and 51.68858pt
Headheight and headsep: 14.5pt and 19.8738pt
Footskip: 30pt
Columnsep and columnseprule: 10pt and 0pt
Marginparsep and marginparwidth: 7pt and 42.9055pt
Sidecapsep and sidecapwidth: 7pt and 92pt
Sidebarhsep and sidebarwidth: 7pt and 92pt
Sidebarvsep and sidebartopsep: 14.5pt and 0pt
Sidebarheight: 590.14995pt
Sidefoothsep and sidefootwidth: 7pt and 92pt
Sidefootvsep and sidefootheight: 14.5pt and 590.14995pt
******************************************************

\c@abntex@bookmarkcounter=\count364
\cftlastnumwidth=\skip196

Class memoir Warning: \settocpreprocessor is marked deprecated and will be
(memoir)              removed in 2026, the problem it tried to solve 
(memoir)              (see manual, section 9.2.3),
(memoir)              has been fixed in the kernel, and the feature is
(memoir)              no longer needed. on input line 483.

\chapternamenumlength=\skip197
\ABNTEXcitacaorecuo=\skip198
\c@alineasi=\count365
\c@alineasii=\count366
\enitdp@alineas=\count367
\c@subalineasi=\count368
\enitdp@subalineas=\count369
\c@incisosi=\count370
\enitdp@incisos=\count371
\ABNTEXsignwidth=\skip199
\ABNTEXsignthickness=\skip256
\ABNTEXsignskip=\skip257
) (./ufma-circe.sty
Package: ufma-circe 2024/01/22 rV3
 (c:/texlive/2026/texmf-dist/tex/latex/lm/lmodern.sty
Package: lmodern 2015/05/01 v1.6.1 Latin Modern Fonts
LaTeX Font Info:    Overwriting symbol font `operators' in version `normal'
(Font)                  OT1/cmr/m/n --> OT1/lmr/m/n on input line 22.
LaTeX Font Info:    Overwriting symbol font `letters' in version `normal'
(Font)                  OML/cmm/m/it --> OML/lmm/m/it on input line 23.
LaTeX Font Info:    Overwriting symbol font `symbols' in version `normal'
(Font)                  OMS/cmsy/m/n --> OMS/lmsy/m/n on input line 24.
LaTeX Font Info:    Overwriting symbol font `largesymbols' in version `normal'
(Font)                  OMX/cmex/m/n --> OMX/lmex/m/n on input line 25.
LaTeX Font Info:    Overwriting symbol font `operators' in version `bold'
(Font)                  OT1/cmr/bx/n --> OT1/lmr/bx/n on input line 26.
LaTeX Font Info:    Overwriting symbol font `letters' in version `bold'
(Font)                  OML/cmm/b/it --> OML/lmm/b/it on input line 27.
LaTeX Font Info:    Overwriting symbol font `symbols' in version `bold'
(Font)                  OMS/cmsy/b/n --> OMS/lmsy/b/n on input line 28.
LaTeX Font Info:    Overwriting symbol font `largesymbols' in version `bold'
(Font)                  OMX/cmex/m/n --> OMX/lmex/m/n on input line 29.
LaTeX Font Info:    Overwriting math alphabet `\mathbf' in version `normal'
(Font)                  OT1/cmr/bx/n --> OT1/lmr/bx/n on input line 31.
LaTeX Font Info:    Overwriting math alphabet `\mathsf' in version `normal'
(Font)                  OT1/cmss/m/n --> OT1/lmss/m/n on input line 32.
LaTeX Font Info:    Overwriting math alphabet `\mathit' in version `normal'
(Font)                  OT1/cmr/m/it --> OT1/lmr/m/it on input line 33.
LaTeX Font Info:    Overwriting math alphabet `\mathtt' in version `normal'
(Font)                  OT1/cmtt/m/n --> OT1/lmtt/m/n on input line 34.
LaTeX Font Info:    Overwriting math alphabet `\mathbf' in version `bold'
(Font)                  OT1/cmr/bx/n --> OT1/lmr/bx/n on input line 35.
LaTeX Font Info:    Overwriting math alphabet `\mathsf' in version `bold'
(Font)                  OT1/cmss/bx/n --> OT1/lmss/bx/n on input line 36.
LaTeX Font Info:    Overwriting math alphabet `\mathit' in version `bold'
(Font)                  OT1/cmr/bx/it --> OT1/lmr/bx/it on input line 37.
LaTeX Font Info:    Overwriting math alphabet `\mathtt' in version `bold'
(Font)                  OT1/cmtt/m/n --> OT1/lmtt/m/n on input line 38.
)
(c:/texlive/2026/texmf-dist/tex/latex/base/fontenc.sty
Package: fontenc 2025/07/18 v2.1d Standard LaTeX package
LaTeX Font Info:    Trying to load font information for T1+lmr on input line 11
6.

(c:/texlive/2026/texmf-dist/tex/latex/lm/t1lmr.fd
File: t1lmr.fd 2015/05/01 v1.6.1 Font defs for Latin Modern
))
(c:/texlive/2026/texmf-dist/tex/latex/base/inputenc.sty
Package: inputenc 2024/02/08 v1.3d Input encoding file
\inpenc@prehook=\toks28
\inpenc@posthook=\toks29
)
(c:/texlive/2026/texmf-dist/tex/latex/tools/indentfirst.sty
Package: indentfirst 2023/07/02 v1.03 Indent first paragraph (DPC)
)
(c:/texlive/2026/texmf-dist/tex/latex/graphics/color.sty
Package: color 2026-05-17 v1.3f Standard LaTeX Color (DPC)

(c:/texlive/2026/texmf-dist/tex/latex/graphics-cfg/color.cfg
File: color.cfg 2016/01/02 v1.6 sample color configuration
)
Package color Info: Driver file: pdftex.def on input line 149.

(c:/texlive/2026/texmf-dist/tex/latex/graphics-def/pdftex.def
File: pdftex.def 2025/09/29 v1.2d Graphics/color driver for pdftex
)
(c:/texlive/2026/texmf-dist/tex/latex/graphics/mathcolor.ltx))
(c:/texlive/2026/texmf-dist/tex/latex/graphics/graphicx.sty
Package: graphicx 2026-05-17 v1.2e Enhanced LaTeX Graphics (DPC,SPQR)

(c:/texlive/2026/texmf-dist/tex/latex/graphics/graphics.sty
Package: graphics 2026-05-17 v1.4h Standard LaTeX Graphics (DPC,SPQR)

(c:/texlive/2026/texmf-dist/tex/latex/graphics/trig.sty
Package: trig 2023/12/02 v1.11 sin cos tan (DPC)
)
(c:/texlive/2026/texmf-dist/tex/latex/graphics-cfg/graphics.cfg
File: graphics.cfg 2016/06/04 v1.11 sample graphics configuration
)
Package graphics Info: Driver file: pdftex.def on input line 106.
)
\Gin@req@height=\dimen267
\Gin@req@width=\dimen268
)
(c:/texlive/2026/texmf-dist/tex/latex/microtype/microtype.sty
Package: microtype 2026/03/01 v3.2d Micro-typographical refinements (RS)
\MT@toks=\toks30
\MT@tempbox=\box59
\MT@count=\count372
LaTeX Info: Redefining \noprotrusionifhmode on input line 1084.
LaTeX Info: Redefining \leftprotrusion on input line 1085.
\MT@prot@toks=\toks31
LaTeX Info: Redefining \rightprotrusion on input line 1104.
LaTeX Info: Redefining \textls on input line 1449.
\MT@outer@kern=\dimen269
LaTeX Info: Redefining \microtypecontext on input line 2053.
LaTeX Info: Redefining \textmicrotypecontext on input line 2070.
\MT@listname@count=\count373

(c:/texlive/2026/texmf-dist/tex/latex/microtype/microtype-pdftex.def
File: microtype-pdftex.def 2026/03/01 v3.2d Definitions specific to pdftex (RS)

LaTeX Info: Redefining \lsstyle on input line 944.
LaTeX Info: Redefining \lslig on input line 944.
\MT@outer@space=\skip258
)
Package microtype Info: Loading configuration file microtype.cfg.

(c:/texlive/2026/texmf-dist/tex/latex/microtype/microtype.cfg
File: microtype.cfg 2026/03/01 v3.2d microtype main configuration file (RS)
)
LaTeX Info: Redefining \microtypesetup on input line 3065.
)
(c:/texlive/2026/texmf-dist/tex/latex/lipsum/lipsum.sty
(c:/texlive/2026/texmf-dist/tex/latex/l3packages/l3keys2e/l3keys2e.sty
Package: l3keys2e 2025-10-09 LaTeX2e option processing using LaTeX3 keys
)
Package: lipsum 2021-09-20 v2.7 150 paragraphs of Lorem Ipsum dummy text
\g__lipsum_par_int=\count374
\l__lipsum_a_int=\count375
\l__lipsum_b_int=\count376

(c:/texlive/2026/texmf-dist/tex/latex/lipsum/lipsum.ltd.tex))
(c:/texlive/2026/texmf-dist/tex/latex/ragged2e/ragged2e.sty
Package: ragged2e 2023/06/22 v3.6 ragged2e Package
\CenteringLeftskip=\skip259
\RaggedLeftLeftskip=\skip260
\RaggedRightLeftskip=\skip261
\CenteringRightskip=\skip262
\RaggedLeftRightskip=\skip263
\RaggedRightRightskip=\skip264
\CenteringParfillskip=\skip265
\RaggedLeftParfillskip=\skip266
\RaggedRightParfillskip=\skip267
\JustifyingParfillskip=\skip268
\CenteringParindent=\skip269
\RaggedLeftParindent=\skip270
\RaggedRightParindent=\skip271
\JustifyingParindent=\skip272
)
(c:/texlive/2026/texmf-dist/tex/latex/geometry/geometry.sty
Package: geometry 2026/03/07 v6.0 Page Geometry

(c:/texlive/2026/texmf-dist/tex/generic/iftex/ifvtex.sty
Package: ifvtex 2019/10/25 v1.7 ifvtex legacy package. Use iftex instead.
)
\Gm@cnth=\count377
\Gm@cntv=\count378
\c@Gm@tempcnt=\count379
\Gm@bindingoffset=\dimen270
\Gm@wd@mp=\dimen271
\Gm@odd@mp=\dimen272
\Gm@even@mp=\dimen273
\Gm@layoutwidth=\dimen274
\Gm@layoutheight=\dimen275
\Gm@layouthoffset=\dimen276
\Gm@layoutvoffset=\dimen277
\Gm@dimlist=\toks32
)
(c:/texlive/2026/texmf-dist/tex/latex/amsmath/amsmath.sty
Package: amsmath 2026/05/19 v2.18d AMS math features
\@mathmargin=\skip273

For additional information on amsmath, use the `?' option.
(c:/texlive/2026/texmf-dist/tex/latex/amsmath/amstext.sty
Package: amstext 2024/11/17 v2.01 AMS text

(c:/texlive/2026/texmf-dist/tex/latex/amsmath/amsgen.sty
File: amsgen.sty 1999/11/30 v2.0 generic functions
\@emptytoks=\toks33
\ex@=\dimen278
))
(c:/texlive/2026/texmf-dist/tex/latex/amsmath/amsbsy.sty
Package: amsbsy 1999/11/29 v1.2d Bold Symbols
\pmbraise@=\dimen279
)
(c:/texlive/2026/texmf-dist/tex/latex/amsmath/amsopn.sty
Package: amsopn 2022/04/08 v2.04 operator names
)
\inf@bad=\count380
LaTeX Info: Redefining \frac on input line 233.
\uproot@=\count381
\leftroot@=\count382
LaTeX Info: Redefining \overline on input line 398.
LaTeX Info: Redefining \colon on input line 409.
\classnum@=\count383
\DOTSCASE@=\count384
LaTeX Info: Redefining \ldots on input line 495.
LaTeX Info: Redefining \dots on input line 498.
LaTeX Info: Redefining \cdots on input line 619.
\Mathstrutbox@=\box60
\strutbox@=\box61
LaTeX Info: Redefining \big on input line 721.
LaTeX Info: Redefining \Big on input line 722.
LaTeX Info: Redefining \bigg on input line 723.
LaTeX Info: Redefining \Bigg on input line 724.
\big@size=\dimen280
LaTeX Font Info:    Redeclaring font encoding OML on input line 742.
LaTeX Font Info:    Redeclaring font encoding OMS on input line 743.
\macc@depth=\count385
LaTeX Info: Redefining \bmod on input line 904.
LaTeX Info: Redefining \pmod on input line 909.
LaTeX Info: Redefining \smash on input line 939.
LaTeX Info: Redefining \relbar on input line 969.
LaTeX Info: Redefining \Relbar on input line 970.
\c@MaxMatrixCols=\count386
\dotsspace@=\muskip18
\c@parentequation=\count387
\dspbrk@lvl=\count388
\tag@help=\toks34
\row@=\count389
\column@=\count390
\maxfields@=\count391
\andhelp@=\toks35
\eqnshift@=\dimen281
\alignsep@=\dimen282
\tagshift@=\dimen283
\tagwidth@=\dimen284
\totwidth@=\dimen285
\lineht@=\dimen286
\@envbody=\toks36
\multlinegap=\skip274
\multlinetaggap=\skip275
\mathdisplay@stack=\toks37
LaTeX Info: Redefining \[ on input line 2965.
LaTeX Info: Redefining \] on input line 2966.
)
(c:/texlive/2026/texmf-dist/tex/latex/amsfonts/amsfonts.sty
Package: amsfonts 2013/01/14 v3.01 Basic AMSFonts support
\symAMSa=\mathgroup4
\symAMSb=\mathgroup5
LaTeX Font Info:    Redeclaring math symbol \hbar on input line 98.
LaTeX Font Info:    Overwriting math alphabet `\mathfrak' in version `bold'
(Font)                  U/euf/m/n --> U/euf/b/n on input line 106.
)
(c:/texlive/2026/texmf-dist/tex/latex/hyperref/backref.sty
Package: backref 2025-06-21 v1.45 Bibliographical back referencing
)
(c:/texlive/2026/texmf-dist/tex/latex/abntex2/abntex2cite.sty
Package: abntex2cite 2018/11/24 v-1.9.7 abnTeX2

(c:/texlive/2026/texmf-dist/tex/latex/abntex2/abntex2abrev.sty)
\minimumbiblabelwidth=\skip276
\ABCIauxlen=\skip277
\c@ABCIaux=\count392
\c@ABCImax=\count393

(c:/texlive/2026/texmf-dist/tex/generic/iftex/ifpdf.sty
Package: ifpdf 2019/10/25 v3.4 ifpdf legacy package. Use iftex instead.
)
(c:/texlive/2026/texmf-dist/tex/generic/iftex/ifxetex.sty
Package: ifxetex 2019/10/25 v0.7 ifxetex legacy package. Use iftex instead.
)
(c:/texlive/2026/texmf-dist/tex/latex/relsize/relsize.sty
Package: relsize 2013/03/29 ver 4.1
)
\biblabelsep=\skip278
LaTeX Info: Redefining \newblock on input line 591.
LaTeX Info: Redefining \cite on input line 862.
\ABCItoken=\toks38
)
(c:/texlive/2026/texmf-dist/tex/latex/psnfss/times.sty
Package: times 2020/03/25 PSNFSS-v9.3 (SPQR) 
)
\c@quadro=\count394
\c@loqdepth=\count395
\cftbeforequadroskip=\skip279
\cftquadroindent=\skip280
\cftquadronumwidth=\skip281
)
\citation{num}
(c:/texlive/2026/texmf-dist/tex/latex/multirow/multirow.sty
Package: multirow 2024/11/12 v2.9 Span multiple rows of a table
\multirow@colwidth=\skip282
\multirow@cntb=\count396
\multirow@dima=\skip283
\bigstrutjot=\dimen287
)
Package color Info: Redefining color blue on input line 78.
Package hyperref Info: Option `colorlinks' set `true' on input line 95.
\main@idxfile=\write4
\openout4 = `main.idx'.


Writing index file main.idx 
LaTeX Font Info:    Trying to load font information for T1+ptm on input line 10
6.
(c:/texlive/2026/texmf-dist/tex/latex/psnfss/t1ptm.fd
File: t1ptm.fd 2001/06/04 font definitions for T1/ptm.
)
No file main.aux.
\openout1 = `main.aux'.

LaTeX Font Info:    Checking defaults for OML/cmm/m/it on input line 106.
LaTeX Font Info:    ... okay on input line 106.
LaTeX Font Info:    Checking defaults for OMS/cmsy/m/n on input line 106.
LaTeX Font Info:    ... okay on input line 106.
LaTeX Font Info:    Checking defaults for OT1/cmr/m/n on input line 106.
LaTeX Font Info:    ... okay on input line 106.
LaTeX Font Info:    Checking defaults for T1/cmr/m/n on input line 106.
LaTeX Font Info:    ... okay on input line 106.
LaTeX Font Info:    Checking defaults for TS1/cmr/m/n on input line 106.
LaTeX Font Info:    ... okay on input line 106.
LaTeX Font Info:    Checking defaults for OMX/cmex/m/n on input line 106.
LaTeX Font Info:    ... okay on input line 106.
LaTeX Font Info:    Checking defaults for U/cmr/m/n on input line 106.
LaTeX Font Info:    ... okay on input line 106.
LaTeX Font Info:    Checking defaults for PD1/pdf/m/n on input line 106.
LaTeX Font Info:    ... okay on input line 106.
LaTeX Font Info:    Checking defaults for PU/pdf/m/n on input line 106.
LaTeX Font Info:    ... okay on input line 106.
Package hyperref Info: Link coloring ON on input line 106.
Package babel Info: 'brazil' activates 'portuges' shorthands.
(babel)             Reported on input line 106.
LaTeX Info: Redefining \degres on input line 106.
\myptabbox=\box62
\myptabboxwidth=\skip284
(c:/texlive/2026/texmf-dist/tex/context/base/mkii/supp-pdf.mkii
[Loading MPS to PDF converter (version 2006.09.02).]
\scratchcounter=\count397
\scratchdimen=\dimen288
\scratchbox=\box63
\nofMPsegments=\count398
\nofMParguments=\count399
\everyMPshowfont=\toks39
\MPscratchCnt=\count400
\MPscratchDim=\dimen289
\MPnumerator=\count401
\makeMPintoPDFobject=\count402
\everyMPtoPDFconversion=\toks40
) (c:/texlive/2026/texmf-dist/tex/latex/epstopdf-pkg/epstopdf-base.sty
Package: epstopdf-base 2020-01-24 v2.11 Base part for package epstopdf
Package epstopdf-base Info: Redefining graphics rule for `.eps' on input line 4
85.

(c:/texlive/2026/texmf-dist/tex/latex/latexconfig/epstopdf-sys.cfg
File: epstopdf-sys.cfg 2010/07/13 v1.3 Configuration of (r)epstopdf for TeX Liv
e
))
LaTeX Info: Redefining \microtypecontext on input line 106.
Package microtype Info: Applying patch `item' on input line 106.
Package microtype Info: Applying patch `toc' on input line 106.
Package microtype Info: Applying patch `eqnum' on input line 106.
Package microtype Info: Applying patch `footnote' on input line 106.
Package microtype Info: Applying patch `verbatim' on input line 106.
LaTeX Info: Redefining \microtypesetup on input line 106.
Package microtype Info: Generating PDF output.
Package microtype Info: Character protrusion enabled (level 2).
Package microtype Info: Using default protrusion set `alltext'.
Package microtype Info: Automatic font expansion enabled (level 2),
(microtype)             stretch: 20, shrink: 20, step: 1, non-selected.
Package microtype Info: Using default expansion set `alltext-nott'.
Package microtype Info: Patching command `\showhyphens'.
Package microtype Info: No adjustment of tracking.
Package microtype Info: No adjustment of interword spacing.
Package microtype Info: No adjustment of character kerning.

(c:/texlive/2026/texmf-dist/tex/latex/microtype/mt-ptm.cfg
File: mt-ptm.cfg 2006/04/20 v1.7 microtype config. file: Times (RS)
)
*geometry* driver: auto-detecting
*geometry* detected driver: pdftex
*geometry* verbose mode - [ preamble ] result:
* driver: pdftex
* paper: a4paper
* layout: <same size as paper>
* layoutoffset:(h,v)=(0.0pt,0.0pt)
* modes: twoside 
* h-part:(L,W,R)=(71.70166pt, 418.25368pt, 107.55254pt)
* v-part:(T,H,B)=(101.40665pt, 591.5302pt, 152.11pt)
* \paperwidth=597.50787pt
* \paperheight=845.04684pt
* \textwidth=418.25368pt
* \textheight=591.5302pt
* \oddsidemargin=-0.56833pt
* \evensidemargin=35.28255pt
* \topmargin=-5.23714pt
* \headheight=14.5pt
* \headsep=19.8738pt
* \topskip=12.0pt
* \footskip=30.0pt
* \marginparwidth=42.9055pt
* \marginparsep=7.0pt
* \columnsep=10.0pt
* \skip\footins=12.0pt plus 4.0pt minus 4.0pt
* \hoffset=0.0pt
* \voffset=0.0pt
* \mag=1000
* \@twocolumnfalse
* \@twosidetrue
* \@mparswitchtrue
* \@reversemarginfalse
* (1in=72.27pt=25.4mm, 1cm=28.453pt)

Package babel Info: Main language set to 'brazil'.
(./PaginasIniciais.tex
*geometry* verbose mode - [ newgeometry ] result:
* driver: pdftex
* paper: a4paper
* layout: <same size as paper>
* layoutoffset:(h,v)=(0.0pt,0.0pt)
* modes: twoside 
* h-part:(L,W,R)=(85.35826pt, 426.79135pt, 85.35826pt)
* v-part:(T,H,B)=(56.9055pt, 752.57541pt, 35.56593pt)
* \paperwidth=597.50787pt
* \paperheight=845.04684pt
* \textwidth=426.79135pt
* \textheight=752.57541pt
* \oddsidemargin=13.08827pt
* \evensidemargin=13.08827pt
* \topmargin=-49.73828pt
* \headheight=14.5pt
* \headsep=19.8738pt
* \topskip=12.0pt
* \footskip=30.0pt
* \marginparwidth=42.9055pt
* \marginparsep=7.0pt
* \columnsep=10.0pt
* \skip\footins=12.0pt plus 4.0pt minus 4.0pt
* \hoffset=0.0pt
* \voffset=0.0pt
* \mag=1000
* \@twocolumnfalse
* \@twosidetrue
* \@mparswitchtrue
* \@reversemarginfalse
* (1in=72.27pt=25.4mm, 1cm=28.453pt)

<ufma-logo.png, id=4, 578.16pt x 434.62375pt>
File: ufma-logo.png Graphic file (type png)
<use ufma-logo.png>
Package pdftex.def Info: ufma-logo.png  used on input line 16.
(pdftex.def)             Requested size: 144.53964pt x 108.65567pt.
 [1


{c:/texlive/2026/texmf-var/fonts/map/pdftex/updmap/pdftex.map}{c:/texlive/2026/
texmf-dist/fonts/enc/dvips/base/8r.enc} <./ufma-logo.png>] [2

]
LaTeX Font Info:    Trying to load font information for OT1+lmr on input line 2
4.
 (c:/texlive/2026/texmf-dist/tex/latex/lm/ot1lmr.fd
File: ot1lmr.fd 2015/05/01 v1.6.1 Font defs for Latin Modern
)
(c:/texlive/2026/texmf-dist/tex/latex/microtype/mt-cmr.cfg
File: mt-cmr.cfg 2013/05/19 v2.2 microtype config. file: Computer Modern Roman 
(RS)
)
LaTeX Font Info:    Trying to load font information for OML+lmm on input line 2
4.

(c:/texlive/2026/texmf-dist/tex/latex/lm/omllmm.fd
File: omllmm.fd 2015/05/01 v1.6.1 Font defs for Latin Modern
)
LaTeX Font Info:    Trying to load font information for OMS+lmsy on input line 
24.

(c:/texlive/2026/texmf-dist/tex/latex/lm/omslmsy.fd
File: omslmsy.fd 2015/05/01 v1.6.1 Font defs for Latin Modern
)
LaTeX Font Info:    Trying to load font information for OMX+lmex on input line 
24.

(c:/texlive/2026/texmf-dist/tex/latex/lm/omxlmex.fd
File: omxlmex.fd 2015/05/01 v1.6.1 Font defs for Latin Modern
)
LaTeX Font Info:    External font `lmex10' loaded for size
(Font)              <12> on input line 24.
LaTeX Font Info:    External font `lmex10' loaded for size
(Font)              <8> on input line 24.
LaTeX Font Info:    External font `lmex10' loaded for size
(Font)              <6> on input line 24.
LaTeX Font Info:    Trying to load font information for U+msa on input line 24.


(c:/texlive/2026/texmf-dist/tex/latex/amsfonts/umsa.fd
File: umsa.fd 2013/01/14 v3.01 AMS symbols A
)
(c:/texlive/2026/texmf-dist/tex/latex/microtype/mt-msa.cfg
File: mt-msa.cfg 2006/02/04 v1.1 microtype config. file: AMS symbols (a) (RS)
)
LaTeX Font Info:    Trying to load font information for U+msb on input line 24.


(c:/texlive/2026/texmf-dist/tex/latex/amsfonts/umsb.fd
File: umsb.fd 2013/01/14 v3.01 AMS symbols B
)
(c:/texlive/2026/texmf-dist/tex/latex/microtype/mt-msb.cfg
File: mt-msb.cfg 2005/06/01 v1.0 microtype config. file: AMS symbols (b) (RS)
)
pdfTeX warning (ext4): destination with the same identifier (name{page.1}) has 
been already used, duplicate ignored
<to be read again> 
                   \relax 
l.24 
      [1


]
*geometry* verbose mode - [ newgeometry ] result:
* driver: pdftex
* paper: a4paper
* layout: <same size as paper>
* layoutoffset:(h,v)=(0.0pt,0.0pt)
* modes: twoside 
* h-part:(L,W,R)=(85.35826pt, 426.79135pt, 85.35826pt)
* v-part:(T,H,B)=(56.9055pt, 731.23584pt, 56.9055pt)
* \paperwidth=597.50787pt
* \paperheight=845.04684pt
* \textwidth=426.79135pt
* \textheight=731.23584pt
* \oddsidemargin=13.08827pt
* \evensidemargin=13.08827pt
* \topmargin=-49.73828pt
* \headheight=14.5pt
* \headsep=19.8738pt
* \topskip=12.0pt
* \footskip=30.0pt
* \marginparwidth=42.9055pt
* \marginparsep=7.0pt
* \columnsep=10.0pt
* \skip\footins=12.0pt plus 4.0pt minus 4.0pt
* \hoffset=0.0pt
* \voffset=0.0pt
* \mag=1000
* \@twocolumnfalse
* \@twosidetrue
* \@mparswitchtrue
* \@reversemarginfalse
* (1in=72.27pt=25.4mm, 1cm=28.453pt)

LaTeX Font Info:    Trying to load font information for T1+phv on input line 48
.
 (c:/texlive/2026/texmf-dist/tex/latex/psnfss/t1phv.fd
File: t1phv.fd 2020/03/25 scalable font definitions for T1/phv.
)
Package microtype Info: Loading generic protrusion settings for font family
(microtype)             `phv' (encoding: T1).
(microtype)             For optimal results, create family-specific settings.
(microtype)             See the microtype manual for details.

Underfull \hbox (badness 10000) in paragraph at lines 76--76

 []


Underfull \hbox (badness 10000) in paragraph at lines 76--76

 []


Underfull \hbox (badness 10000) in paragraph at lines 76--76

 []

LaTeX Font Info:    External font `lmex10' loaded for size
(Font)              <10> on input line 76.
LaTeX Font Info:    External font `lmex10' loaded for size
(Font)              <7> on input line 76.
LaTeX Font Info:    External font `lmex10' loaded for size
(Font)              <5> on input line 76.

pdfTeX warning (ext4): destination with the same identifier (name{page.2}) has 
been already used, duplicate ignored
<to be read again> 
                   \relax 
l.79 \restoregeometry
                      [2

]
*geometry* verbose mode - [ newgeometry ] result:
* driver: pdftex
* paper: a4paper
* layout: <same size as paper>
* layoutoffset:(h,v)=(0.0pt,0.0pt)
* modes: twoside 
* h-part:(L,W,R)=(85.35826pt, 426.79135pt, 85.35826pt)
* v-part:(T,H,B)=(85.35826pt, 724.12265pt, 35.56593pt)
* \paperwidth=597.50787pt
* \paperheight=845.04684pt
* \textwidth=426.79135pt
* \textheight=724.12265pt
* \oddsidemargin=13.08827pt
* \evensidemargin=13.08827pt
* \topmargin=-21.28552pt
* \headheight=14.5pt
* \headsep=19.8738pt
* \topskip=12.0pt
* \footskip=30.0pt
* \marginparwidth=42.9055pt
* \marginparsep=7.0pt
* \columnsep=10.0pt
* \skip\footins=12.0pt plus 4.0pt minus 4.0pt
* \hoffset=0.0pt
* \voffset=0.0pt
* \mag=1000
* \@twocolumnfalse
* \@twosidetrue
* \@mparswitchtrue
* \@reversemarginfalse
* (1in=72.27pt=25.4mm, 1cm=28.453pt)

 [3



] [4

] [5

] [6

] [7] [8

] [9] [10

])
(./ListasSumario.tex
No file main.lof.
[11] [12

]
No file main.lot.
[13] [14

]
No file main.toc.
[15] [16

]) (./Conteudo.tex
Cap\'{\i }tulo 1.

LaTeX Warning: Citation `IEA2026' on page 17 undefined on input line 12.


LaTeX Warning: Citation `olivetti2017lithium' on page 17 undefined on input lin
e 14.


LaTeX Warning: Citation `armand2008building' on page 17 undefined on input line
 14.


LaTeX Warning: Citation `sinfronio2018effect' on page 17 undefined on input lin
e 19.


LaTeX Warning: Citation `santos2018chitosan' on page 17 undefined on input line
 19.


LaTeX Warning: Citation `zhu2019equivalent' on page 17 undefined on input line 
23.


LaTeX Warning: Citation `huang2021towards' on page 17 undefined on input line 2
3.


LaTeX Warning: Citation `obregon2023convolutional' on page 17 undefined on inpu
t line 23.


LaTeX Warning: Citation `buteau2019analysis' on page 17 undefined on input line
 23.


Underfull \vbox (badness 10000) has occurred while \output is active []

 [17

{c:/texlive/2026/texmf-dist/fonts/enc/dvips/lm/lm-rm.enc}{c:/texlive/2026/texmf
-dist/fonts/enc/dvips/lm/lm-mathit.enc}] [18

]
Cap\'{\i }tulo 2.

LaTeX Warning: Reference `figura1' on page 19 undefined on input line 45.

<Figuras/corrente_i.png, id=114, 496.85625pt x 138.5175pt>
File: Figuras/corrente_i.png Graphic file (type png)
<use Figuras/corrente_i.png>
Package pdftex.def Info: Figuras/corrente_i.png  used on input line 69.
(pdftex.def)             Requested size: 250.95476pt x 69.96451pt.

LaTeX Warning: Reference `eq:3' on page 19 undefined on input line 73.


LaTeX Warning: Reference `eq:1' on page 19 undefined on input line 73.


LaTeX Warning: Reference `figura2' on page 19 undefined on input line 73.

<Figuras/digrama_fasores.png, id=115, 332.24126pt x 341.275pt>
File: Figuras/digrama_fasores.png Graphic file (type png)
<use Figuras/digrama_fasores.png>
Package pdftex.def Info: Figuras/digrama_fasores.png  used on input line 78.
(pdftex.def)             Requested size: 209.12683pt x 214.81691pt.

LaTeX Warning: Citation `lazanas2023electrochemical' on page 19 undefined on in
put line 79.


LaTeX Warning: Citation `lazanas2023electrochemical' on page 19 undefined on in
put line 79.

[19{c:/texlive/2026/texmf-dist/fonts/enc/dvips/lm/lm-mathsy.enc}{c:/texlive/202
6/texmf-dist/fonts/enc/dvips/lm/lm-mathex.enc}]

LaTeX Warning: Reference `eq:1' on page 20 undefined on input line 83.


LaTeX Warning: Reference `eq:2' on page 20 undefined on input line 83.


LaTeX Warning: Reference `eq:3' on page 20 undefined on input line 83.


LaTeX Warning: Reference `eq:2' on page 20 undefined on input line 83.


LaTeX Warning: Reference `eq:3' on page 20 undefined on input line 83.

Package babel Info: 'brazil' activates 'portuges' shorthands.
(babel)             Reported on input line 88.
[20 <./Figuras/corrente_i.png> <./Figuras/digrama_fasores.png>]

LaTeX Warning: Reference `eq:6' on page 21 undefined on input line 99.


LaTeX Warning: Reference `eq:9' on page 21 undefined on input line 118.

[21]

LaTeX Warning: Reference `eq:12' on page 22 undefined on input line 132.


LaTeX Warning: Reference `eq:11' on page 22 undefined on input line 132.


LaTeX Warning: Reference `eq:14' on page 22 undefined on input line 152.


LaTeX Warning: Reference `figura3' on page 22 undefined on input line 153.

<Figuras/diagrama de Nyquist de um resistor..png, id=150, 456.70625pt x 291.087
5pt>
File: Figuras/diagrama de Nyquist de um resistor..png Graphic file (type png)
<use Figuras/diagrama de Nyquist de um resistor..png>
Package pdftex.def Info: Figuras/diagrama de Nyquist de um resistor..png  used 
on input line 157.
(pdftex.def)             Requested size: 334.60422pt x 213.26938pt.

LaTeX Warning: Citation `lazanas2023electrochemical' on page 22 undefined on in
put line 158.


LaTeX Warning: Citation `lazanas2023electrochemical' on page 22 undefined on in
put line 158.


LaTeX Warning: Reference `eq:3' on page 22 undefined on input line 163.


LaTeX Warning: Reference `eq:5' on page 22 undefined on input line 164.

[22]

LaTeX Warning: Reference `eq:18' on page 23 undefined on input line 185.


LaTeX Warning: Reference `eq:19' on page 23 undefined on input line 185.


LaTeX Warning: Reference `eq:20' on page 23 undefined on input line 185.


LaTeX Warning: Reference `figura4' on page 23 undefined on input line 189.

<Figuras/diagrama de Nyquist de um capacitor.png, id=163, 504.88625pt x 276.031
25pt>
File: Figuras/diagrama de Nyquist de um capacitor.png Graphic file (type png)
<use Figuras/diagrama de Nyquist de um capacitor.png>
Package pdftex.def Info: Figuras/diagrama de Nyquist de um capacitor.png  used 
on input line 193.
(pdftex.def)             Requested size: 334.60422pt x 182.9351pt.

LaTeX Warning: Citation `lazanas2023electrochemical' on page 23 undefined on in
put line 194.


LaTeX Warning: Citation `lazanas2023electrochemical' on page 23 undefined on in
put line 194.


LaTeX Warning: Reference `eq:2' on page 23 undefined on input line 201.


LaTeX Warning: Reference `eq:4' on page 23 undefined on input line 201.

[23 <./Figuras/diagrama de Nyquist de um resistor..png>]

LaTeX Warning: Reference `eq:22' on page 24 undefined on input line 223.


LaTeX Warning: Reference `eq:23' on page 24 undefined on input line 223.


LaTeX Warning: Reference `eq:24' on page 24 undefined on input line 223.


LaTeX Warning: Reference `figura5' on page 24 undefined on input line 224.

<Figuras/diagrama de Nyquist de um indutor ideal.png, id=175, 454.69875pt x 247
.92625pt>
File: Figuras/diagrama de Nyquist de um indutor ideal.png Graphic file (type pn
g)
<use Figuras/diagrama de Nyquist de um indutor ideal.png>
Package pdftex.def Info: Figuras/diagrama de Nyquist de um indutor ideal.png  u
sed on input line 229.
(pdftex.def)             Requested size: 334.60422pt x 182.44492pt.

LaTeX Warning: Citation `lazanas2023electrochemical' on page 24 undefined on in
put line 230.


LaTeX Warning: Citation `lazanas2023electrochemical' on page 24 undefined on in
put line 230.

[24 <./Figuras/diagrama de Nyquist de um capacitor.png>]

LaTeX Warning: Citation `dreher2005correlation' on page 25 undefined on input l
ine 236.


LaTeX Warning: Citation `lancaster2005chisquare' on page 25 undefined on input 
line 236.


LaTeX Warning: Reference `eq:25' on page 25 undefined on input line 239.


LaTeX Warning: Reference `eq:26' on page 25 undefined on input line 239.

[25 <./Figuras/diagrama de Nyquist de um indutor ideal.png>]

LaTeX Warning: Reference `figura6' on page 26 undefined on input line 251.

<Figuras/representação de circuito RC paralelo.png, id=194, 253.94875pt x 150
.5625pt>
File: Figuras/representação de circuito RC paralelo.png Graphic file (type pn
g)
<use Figuras/representação de circuito RC paralelo.png>
Package pdftex.def Info: Figuras/representação de circuito RC paralelo.png  u
sed on input line 289.
(pdftex.def)             Requested size: 209.12683pt x 123.99274pt.

LaTeX Warning: Citation `lazanas2023electrochemical' on page 26 undefined on in
put line 293.

LaTeX Info: Symbol \textrightarrow not provided by
            font family ptm in TS1 encoding.
            Default family used instead on input line 294.
LaTeX Info: Symbol \textrightarrow not provided by
            font family ptm in TS1 encoding.
            Default family used instead on input line 294.
LaTeX Info: Symbol \textrightarrow not provided by
            font family ptm in TS1 encoding.
            Default family used instead on input line 296.
LaTeX Info: Symbol \textrightarrow not provided by
            font family ptm in TS1 encoding.
            Default family used instead on input line 296.
[26{c:/texlive/2026/texmf-dist/fonts/enc/dvips/cm-super/cm-super-ts1.enc} <./Fi
guras/representação de circuito RC paralelo.png>]
LaTeX Info: Symbol \textrightarrow not provided by
            font family ptm in TS1 encoding.
            Default family used instead on input line 300.


LaTeX Warning: Reference `figura7' on page 27 undefined on input line 306.


LaTeX Warning: Reference `eq:5' on page 27 undefined on input line 309.


LaTeX Warning: Citation `santos2018chitosan' on page 27 undefined on input line
 331.

[27]

LaTeX Warning: Reference `eq:32' on page 28 undefined on input line 338.


LaTeX Warning: Reference `figura8' on page 28 undefined on input line 338.

<Figuras/a representação do diagrama de Nyquist do circuito RC.png, id=215, 2
69.005pt x 215.80624pt>
File: Figuras/a representação do diagrama de Nyquist do circuito RC.png Graph
ic file (type png)
<use Figuras/a representação do diagrama de Nyquist do circuito RC.png>
Package pdftex.def Info: Figuras/a representação do diagrama de Nyquist do ci
rcuito RC.png  used on input line 348.
(pdftex.def)             Requested size: 209.12683pt x 167.77168pt.

LaTeX Warning: Citation `lazanas2023electrochemical' on page 28 undefined on in
put line 349.


LaTeX Warning: Citation `lazanas2023electrochemical' on page 28 undefined on in
put line 349.

<Figuras/representação do circuito RQ.png, id=216, 238.8925pt x 160.6pt>
File: Figuras/representação do circuito RQ.png Graphic file (type png)
<use Figuras/representação do circuito RQ.png>
Package pdftex.def Info: Figuras/representação do circuito RQ.png  used on in
put line 355.
(pdftex.def)             Requested size: 125.47737pt x 84.35301pt.

LaTeX Warning: Citation `geron2017handson' on page 28 undefined on input line 3
72.

[28 <./Figuras/a representação do diagrama de Nyquist do circuito RC.png>]

LaTeX Warning: Citation `geron2017handson' on page 29 undefined on input line 3
76.


LaTeX Warning: Citation `ludermir2021inteligencia' on page 29 undefined on inpu
t line 376.


LaTeX Warning: Reference `figura9' on page 29 undefined on input line 376.

<Figuras/diagrama dos tipos de aprendizado em machine learning.png, id=229, 730
.73pt x 557.08125pt>
File: Figuras/diagrama dos tipos de aprendizado em machine learning.png Graphic
 file (type png)
<use Figuras/diagrama dos tipos de aprendizado em machine learning.png>
Package pdftex.def Info: Figuras/diagrama dos tipos de aprendizado em machine l
earning.png  used on input line 380.
(pdftex.def)             Requested size: 334.60422pt x 255.08743pt.

LaTeX Warning: Citation `geron2017handson' on page 29 undefined on input line 3
95.


LaTeX Warning: Citation `kubat2017introduction' on page 29 undefined on input l
ine 395.


LaTeX Warning: Citation `goodfellow2016deep' on page 29 undefined on input line
 395.


LaTeX Warning: Citation `geron2017handson' on page 29 undefined on input line 4
04.


LaTeX Warning: Citation `kubat2017introduction' on page 29 undefined on input l
ine 404.


LaTeX Warning: Citation `goodfellow2016deep' on page 29 undefined on input line
 404.


Underfull \vbox (badness 10000) has occurred while \output is active []

 [29 <./Figuras/representação do circuito RQ.png>] [30 <./Figuras/diagrama do
s tipos de aprendizado em machine learning.png>]
Underfull \vbox (badness 1742) has occurred while \output is active []

 [31]

LaTeX Warning: Reference `figura10' on page 32 undefined on input line 454.


LaTeX Warning: Citation `fisher1936iris' on page 32 undefined on input line 455
.


LaTeX Warning: Citation `geron2017handson' on page 32 undefined on input line 4
66.

<Figuras/arvore de decisão do conjunto de dados da íris..png, id=250, 383.432
5pt x 308.15125pt>
File: Figuras/arvore de decisão do conjunto de dados da íris..png Graphic fil
e (type png)
<use Figuras/arvore de decisão do conjunto de dados da íris..png>
Package pdftex.def Info: Figuras/arvore de decisão do conjunto de dados da ír
is..png  used on input line 471.
(pdftex.def)             Requested size: 209.12683pt x 168.06839pt.

Underfull \vbox (badness 10000) has occurred while \output is active []

 [32]
Underfull \vbox (badness 10000) has occurred while \output is active []

 [33 <./Figuras/arvore de decisão do conjunto de dados da íris..png>]

LaTeX Warning: Reference `eq:38' on page 34 undefined on input line 534.


LaTeX Warning: Reference `eq:39' on page 34 undefined on input line 534.

[34]

LaTeX Warning: Reference `figura11' on page 35 undefined on input line 548.

<Figuras/representação do ensemble.png, id=270, 503.8825pt x 349.305pt>
File: Figuras/representação do ensemble.png Graphic file (type png)
<use Figuras/representação do ensemble.png>
Package pdftex.def Info: Figuras/representação do ensemble.png  used on input
 line 553.
(pdftex.def)             Requested size: 209.12683pt x 144.96953pt.

LaTeX Warning: Citation `efron1979bootstrap' on page 35 undefined on input line
 560.


LaTeX Warning: Citation `breiman1996bagging' on page 35 undefined on input line
 560.


LaTeX Warning: Reference `figura12' on page 35 undefined on input line 564.

[35 <./Figuras/representação do ensemble.png>]
<Figuras/representação da técnica bagging. São criados submodelos em seguid
os são realizadas prediçõe.png, id=282, 680.5425pt x 324.21124pt>
File: Figuras/representação da técnica bagging. São criados submodelos em s
eguidos são realizadas prediçõe.png Graphic file (type png)
<use Figuras/representação da técnica bagging. São criados submodelos em se
guidos são realizadas prediçõe.png>
Package pdftex.def Info: Figuras/representação da técnica bagging. São cria
dos submodelos em seguidos são realizadas prediçõe.png  used on input line 5
74.
(pdftex.def)             Requested size: 334.60422pt x 159.40413pt.


LaTeX Warning: Citation `ho1995random' on page 36 undefined on input line 596.

[36 <./Figuras/representação da técnica bagging. São criados submodelos em 
seguidos são realizadas prediçõe.png>]

LaTeX Warning: Reference `eq:38' on page 37 undefined on input line 600.


LaTeX Warning: Reference `eq:39' on page 37 undefined on input line 600.


LaTeX Warning: Reference `figura13' on page 37 undefined on input line 603.

<Figuras/diagrama da estrutura do modelo RF.png, id=289, 690.58pt x 458.71375pt
>
File: Figuras/diagrama da estrutura do modelo RF.png Graphic file (type png)
<use Figuras/diagrama da estrutura do modelo RF.png>
Package pdftex.def Info: Figuras/diagrama da estrutura do modelo RF.png  used o
n input line 607.
(pdftex.def)             Requested size: 334.60422pt x 222.25891pt.
[37 <./Figuras/diagrama da estrutura do modelo RF.png>]
LaTeX Font Info:    Trying to load font information for TS1+ptm on input line 6
14.

(c:/texlive/2026/texmf-dist/tex/latex/psnfss/ts1ptm.fd
File: ts1ptm.fd 2001/06/04 font definitions for TS1/ptm.
)

LaTeX Warning: Reference `figura14' on page 38 undefined on input line 633.

<Figuras/estrutura do Boosting.png, id=298, 529.98pt x 442.65375pt>
File: Figuras/estrutura do Boosting.png Graphic file (type png)
<use Figuras/estrutura do Boosting.png>
Package pdftex.def Info: Figuras/estrutura do Boosting.png  used on input line 
639.
(pdftex.def)             Requested size: 334.60422pt x 279.47446pt.

Underfull \vbox (badness 10000) has occurred while \output is active []

 [38]

LaTeX Warning: Citation `friedman2000additive' on page 39 undefined on input li
ne 657.


LaTeX Warning: Citation `natekin2013gradient' on page 39 undefined on input lin
e 657.


LaTeX Warning: Citation `he2019gradient' on page 39 undefined on input line 657
.


LaTeX Warning: Reference `figura15' on page 39 undefined on input line 659.

<Figuras/método pega o ajuste inicial e seleciona o resíduo para gerar novo a
juste a partir dele.png, id=304, 486.81876pt x 137.51375pt>
File: Figuras/método pega o ajuste inicial e seleciona o resíduo para gerar n
ovo ajuste a partir dele.png Graphic file (type png)
<use Figuras/método pega o ajuste inicial e seleciona o resíduo para gerar no
vo ajuste a partir dele.png>
Package pdftex.def Info: Figuras/método pega o ajuste inicial e seleciona o re
síduo para gerar novo ajuste a partir dele.png  used on input line 664.
(pdftex.def)             Requested size: 334.60422pt x 94.51738pt.
<Figuras/novo ajuste é gerado a partir do outro ajuste, e obtendo um novo res�
�duo.png, id=305, 949.5475pt x 289.08pt>
File: Figuras/novo ajuste é gerado a partir do outro ajuste, e obtendo um novo
 resíduo.png Graphic file (type png)
<use Figuras/novo ajuste é gerado a partir do outro ajuste, e obtendo um novo 
resíduo.png>
Package pdftex.def Info: Figuras/novo ajuste é gerado a partir do outro ajuste
, e obtendo um novo resíduo.png  used on input line 673.
(pdftex.def)             Requested size: 334.60422pt x 101.86763pt.

Underfull \vbox (badness 2229) has occurred while \output is active []

 [39 <./Figuras/estrutura do Boosting.png>]
<Figuras/mais interação até que se chegue em um valor mínimo de erro possí
vel.png, id=313, 984.67876pt x 312.16624pt>
File: Figuras/mais interação até que se chegue em um valor mínimo de erro p
ossível.png Graphic file (type png)
<use Figuras/mais interação até que se chegue em um valor mínimo de erro po
ssível.png>
Package pdftex.def Info: Figuras/mais interação até que se chegue em um valo
r mínimo de erro possível.png  used on input line 682.
(pdftex.def)             Requested size: 334.60422pt x 106.07796pt.

Underfull \vbox (badness 3861) has occurred while \output is active []

 [40 <./Figuras/método pega o ajuste inicial e seleciona o resíduo para gerar
 novo ajuste a partir dele.png> <./Figuras/novo ajuste é gerado a partir do ou
tro ajuste, e obtendo um novo resíduo.png>]

LaTeX Warning: Citation `ke2017lightgbm' on page 41 undefined on input line 708
.

[41 <./Figuras/mais interação até que se chegue em um valor mínimo de erro 
possível.png>]

LaTeX Warning: Citation `chen2016xgboost' on page 42 undefined on input line 72
1.


LaTeX Warning: Citation `schiara2023detailed' on page 42 undefined on input lin
e 751.

[42]

LaTeX Warning: Citation `palm1986warren' on page 43 undefined on input line 766
.


LaTeX Warning: Citation `yang2016propositional' on page 43 undefined on input l
ine 769.

[43] [44]

LaTeX Warning: Command \' invalid in math mode on input line 836.


LaTeX Warning: Command \~ invalid in math mode on input line 845.


LaTeX Warning: Command \~ invalid in math mode on input line 855.

[45]

LaTeX Warning: Command \~ invalid in math mode on input line 865.


LaTeX Warning: Command \c invalid in math mode on input line 865.


LaTeX Warning: Command \~ invalid in math mode on input line 865.


LaTeX Warning: Command \~ invalid in math mode on input line 865.


LaTeX Warning: Command \c invalid in math mode on input line 865.


LaTeX Warning: Command \~ invalid in math mode on input line 865.


LaTeX Warning: Citation `meyerbaese2014foundations' on page 46 undefined on inp
ut line 890.

[46] [47] [48

]
Cap\'{\i }tulo 3.

LaTeX Warning: Citation `mouta2025automaterials' on page 49 undefined on input 
line 904.


LaTeX Warning: Reference `tab:1' on page 49 undefined on input line 911.


LaTeX Warning: Reference `eq:31' on page 49 undefined on input line 949.


LaTeX Warning: Reference `tab:2' on page 49 undefined on input line 953.


Underfull \vbox (badness 10000) has occurred while \output is active []

 [49]
[50]
Underfull \vbox (badness 10000) has occurred while \output is active []

 [51]
Underfull \vbox (badness 10000) has occurred while \output is active []

 [52]
Underfull \vbox (badness 10000) has occurred while \output is active []

 [53]

LaTeX Warning: Citation `buteau2019analysis' on page 54 undefined on input line
 1098.


LaTeX Warning: Citation `buteau2019analysis' on page 54 undefined on input line
 1114.


LaTeX Warning: Reference `eq:44' on page 54 undefined on input line 1118.


Underfull \vbox (badness 10000) has occurred while \output is active []

 [54]

LaTeX Warning: Citation `buteau2019analysis' on page 55 undefined on input line
 1124.


LaTeX Warning: Reference `eq:45' on page 55 undefined on input line 1125.


LaTeX Warning: Citation `buteau2019analysis' on page 55 undefined on input line
 1140.


LaTeX Warning: Reference `eq:46' on page 55 undefined on input line 1147.


LaTeX Warning: Citation `buteau2019analysis' on page 55 undefined on input line
 1153.


LaTeX Warning: Reference `eq:47' on page 55 undefined on input line 1153.


LaTeX Warning: Reference `eq:48' on page 55 undefined on input line 1164.


Overfull \hbox (5.46701pt too wide) detected at line 1176
[][][]\OML/lmm/m/it/12 ^^_ \OT1/lmr/m/n/12 = [] \OMS/lmsy/m/n/12 2 \U/msb/m/n/1
2 R[]
 []

[55] [56]

LaTeX Warning: Reference `figura18' on page 57 undefined on input line 1233.

<Figuras/evolução da acurácia de treinamento e de validação ao longo das �
�pocas de treinamento da rede neural convolucional.png, id=412, 1140.26pt x 639
.38875pt>
File: Figuras/evolução da acurácia de treinamento e de validação ao longo 
das épocas de treinamento da rede neural convolucional.png Graphic file (type 
png)
<use Figuras/evolução da acurácia de treinamento e de validação ao longo d
as épocas de treinamento da rede neural convolucional.png>
Package pdftex.def Info: Figuras/evolução da acurácia de treinamento e de va
lidação ao longo das épocas de treinamento da rede neural convolucional.png 
 used on input line 1240.
(pdftex.def)             Requested size: 376.42575pt x 211.07698pt.

Underfull \vbox (badness 10000) has occurred while \output is active []

 [57]

LaTeX Warning: Reference `figura19' on page 58 undefined on input line 1267.

[58 <./Figuras/evolução da acurácia de treinamento e de validação ao longo
 das épocas de treinamento da rede neural convolucional.png>]
<Figuras/historico_treinamento.png, id=423, 1140.26pt x 593.21625pt>
File: Figuras/historico_treinamento.png Graphic file (type png)
<use Figuras/historico_treinamento.png>
Package pdftex.def Info: Figuras/historico_treinamento.png  used on input line 
1273.
(pdftex.def)             Requested size: 376.42575pt x 195.83438pt.


LaTeX Warning: Reference `tab:metricas_desempenho' on page 59 undefined on inpu
t line 1286.


LaTeX Warning: Reference `figura20' on page 59 undefined on input line 1311.

[59 <./Figuras/historico_treinamento.png>]
<Figuras/matriz de confusão do modelo treinado.png, id=431, 795.97375pt x 782.
925pt>
File: Figuras/matriz de confusão do modelo treinado.png Graphic file (type png
)
<use Figuras/matriz de confusão do modelo treinado.png>
Package pdftex.def Info: Figuras/matriz de confusão do modelo treinado.png  us
ed on input line 1319.
(pdftex.def)             Requested size: 376.42575pt x 370.24463pt.
 [60] [61 <./Figuras/matriz de confusão do modelo treinado.png>]

LaTeX Warning: Citation `schaeffer2023machine' on page 62 undefined on input li
ne 1363.


Underfull \vbox (badness 10000) has occurred while \output is active []

 [62]
<Figuras/curva ROC por classe para o classificador RF.png, id=448, 885.3075pt x
 625.33624pt>
File: Figuras/curva ROC por classe para o classificador RF.png Graphic file (ty
pe png)
<use Figuras/curva ROC por classe para o classificador RF.png>
Package pdftex.def Info: Figuras/curva ROC por classe para o classificador RF.p
ng  used on input line 1412.
(pdftex.def)             Requested size: 376.42575pt x 265.8932pt.


LaTeX Warning: `h' float specifier changed to `ht'.


LaTeX Warning: Reference `figura21' on page 63 undefined on input line 1421.

<Figuras/matriz de confusão RF.png, id=449, 896.34875pt x 775.89874pt>
File: Figuras/matriz de confusão RF.png Graphic file (type png)
<use Figuras/matriz de confusão RF.png>
Package pdftex.def Info: Figuras/matriz de confusão RF.png  used on input line
 1427.
(pdftex.def)             Requested size: 376.42575pt x 325.83974pt.

LaTeX Warning: `h' float specifier changed to `ht'.


LaTeX Warning: Reference `figura22' on page 63 undefined on input line 1434.

[63]

LaTeX Warning: Reference `figura23' on page 64 undefined on input line 1438.

<Figuras/relatório de classificação do RF.png, id=458, 963.6pt x 733.74126pt
>
File: Figuras/relatório de classificação do RF.png Graphic file (type png)
<use Figuras/relatório de classificação do RF.png>
Package pdftex.def Info: Figuras/relatório de classificação do RF.png  used 
on input line 1444.
(pdftex.def)             Requested size: 334.60422pt x 254.78682pt.

LaTeX Warning: `h' float specifier changed to `ht'.

[64 <./Figuras/curva ROC por classe para o classificador RF.png>]
File: Figuras/curva ROC por classe para o classificador RF.png Graphic file (ty
pe png)
<use Figuras/curva ROC por classe para o classificador RF.png>
Package pdftex.def Info: Figuras/curva ROC por classe para o classificador RF.p
ng  used on input line 1465.
(pdftex.def)             Requested size: 376.42575pt x 265.8932pt.


LaTeX Warning: Reference `figura24' on page 65 undefined on input line 1472.


Underfull \vbox (badness 10000) has occurred while \output is active []

 [65 <./Figuras/matriz de confusão RF.png>]
<Figuras/matriz de confusão do KNN sobre o conjunto de teste.png, id=473, 868.
24374pt x 773.89125pt>
File: Figuras/matriz de confusão do KNN sobre o conjunto de teste.png Graphic 
file (type png)
<use Figuras/matriz de confusão do KNN sobre o conjunto de teste.png>
Package pdftex.def Info: Figuras/matriz de confusão do KNN sobre o conjunto de
 teste.png  used on input line 1479.
(pdftex.def)             Requested size: 376.42575pt x 335.51816pt.


LaTeX Warning: Reference `figura25' on page 66 undefined on input line 1486.


LaTeX Warning: Reference `figura26' on page 66 undefined on input line 1488.

<Figuras/relatório de classificação do KNN.png, id=474, 973.6375pt x 757.831
25pt>
File: Figuras/relatório de classificação do KNN.png Graphic file (type png)
<use Figuras/relatório de classificação do KNN.png>
Package pdftex.def Info: Figuras/relatório de classificação do KNN.png  used
 on input line 1494.
(pdftex.def)             Requested size: 376.42575pt x 292.98589pt.

Underfull \vbox (badness 1546) has occurred while \output is active []

 [66 <./Figuras/relatório de classificação do RF.png>]
<Figuras/curva ROC da árvore de decisão.png, id=481, 860.21375pt x 620.3175pt
>
File: Figuras/curva ROC da árvore de decisão.png Graphic file (type png)
<use Figuras/curva ROC da árvore de decisão.png>
Package pdftex.def Info: Figuras/curva ROC da árvore de decisão.png  used on 
input line 1518.
(pdftex.def)             Requested size: 376.42575pt x 271.4545pt.


LaTeX Warning: Reference `figura27' on page 67 undefined on input line 1524.


Underfull \vbox (badness 7273) has occurred while \output is active []

 [67]
[68 <./Figuras/matriz de confusão do KNN sobre o conjunto de teste.png>]
<Figuras/matriz de confusão da árvore de decisão sobre o conjunto de teste.p
ng, id=494, 769.87625pt x 667.49374pt>
File: Figuras/matriz de confusão da árvore de decisão sobre o conjunto de te
ste.png Graphic file (type png)
<use Figuras/matriz de confusão da árvore de decisão sobre o conjunto de tes
te.png>
Package pdftex.def Info: Figuras/matriz de confusão da árvore de decisão sob
re o conjunto de teste.png  used on input line 1529.
(pdftex.def)             Requested size: 376.42575pt x 326.37202pt.


LaTeX Warning: Reference `figura28' on page 69 undefined on input line 1535.

<Figuras/relatório de classificação da árvore de decisão.png, id=495, 672.
5125pt x 521.95pt>
File: Figuras/relatório de classificação da árvore de decisão.png Graphic 
file (type png)
<use Figuras/relatório de classificação da árvore de decisão.png>
Package pdftex.def Info: Figuras/relatório de classificação da árvore de de
cisão.png  used on input line 1542.
(pdftex.def)             Requested size: 376.42575pt x 292.1546pt.

LaTeX Warning: Reference `figura29' on page 69 undefined on input line 1550.


Underfull \vbox (badness 3792) has occurred while \output is active []

 [69 <./Figuras/relatório de classificação do KNN.png>]
LaTeX Font Info:    Trying to load font information for T1+pcr on input line 15
59.

(c:/texlive/2026/texmf-dist/tex/latex/psnfss/t1pcr.fd
File: t1pcr.fd 2001/06/04 font definitions for T1/pcr.
)
Package microtype Info: Loading generic protrusion settings for font family
(microtype)             `pcr' (encoding: T1).
(microtype)             For optimal results, create family-specific settings.
(microtype)             See the microtype manual for details.
 [70 <./Figuras/curva ROC da árvore de decisão.png>]
<Figuras/matriz de confusão a), relatório de classificação b) e curva ROC c
) de regressão logística..png, id=510, 1423.3175pt x 799.98875pt>
File: Figuras/matriz de confusão a), relatório de classificação b) e curva 
ROC c) de regressão logística..png Graphic file (type png)
<use Figuras/matriz de confusão a), relatório de classificação b) e curva R
OC c) de regressão logística..png>
Package pdftex.def Info: Figuras/matriz de confusão a), relatório de classifi
cação b) e curva ROC c) de regressão logística..png  used on input line 157
0.
(pdftex.def)             Requested size: 376.42575pt x 211.56877pt.


LaTeX Warning: Reference `figura30' on page 71 undefined on input line 1580.

<Figuras/matriz de confusão d), relatório de classificação e) e curva ROC f
) do gaussian Naive Bayess.png, id=511, 1443.3925pt x 813.0375pt>
File: Figuras/matriz de confusão d), relatório de classificação e) e curva 
ROC f) do gaussian Naive Bayess.png Graphic file (type png)
<use Figuras/matriz de confusão d), relatório de classificação e) e curva R
OC f) do gaussian Naive Bayess.png>
Package pdftex.def Info: Figuras/matriz de confusão d), relatório de classifi
cação e) e curva ROC f) do gaussian Naive Bayess.png  used on input line 1596
.
(pdftex.def)             Requested size: 376.42575pt x 212.02988pt.
[71 <./Figuras/matriz de confusão da árvore de decisão sobre o conjunto de t
este.png>]

LaTeX Warning: Reference `figura31' on page 72 undefined on input line 1605.

[72 <./Figuras/relatório de classificação da árvore de decisão.png>]
<Figuras/matrix de confusão g), relatório de classificação h) e a curva ROC
 i) do SVM.png, id=526, 1443.3925pt x 811.03pt>
File: Figuras/matrix de confusão g), relatório de classificação h) e a curv
a ROC i) do SVM.png Graphic file (type png)
<use Figuras/matrix de confusão g), relatório de classificação h) e a curva
 ROC i) do SVM.png>
Package pdftex.def Info: Figuras/matrix de confusão g), relatório de classifi
cação h) e a curva ROC i) do SVM.png  used on input line 1618.
(pdftex.def)             Requested size: 376.42575pt x 211.50633pt.


LaTeX Warning: Reference `figura32' on page 73 undefined on input line 1626.

[73 <./Figuras/matriz de confusão a), relatório de classificação b) e curva
 ROC c) de regressão logística..png>] [74 <./Figuras/matriz de confusão d), 
relatório de classificação e) e curva ROC f) do gaussian Naive Bayess.png>]
<Figuras/curva ROC por classe para XGB AUC=1.0 para todas as 11 topologias.png,
 id=541, 1149.29375pt x 784.9325pt>
File: Figuras/curva ROC por classe para XGB AUC=1.0 para todas as 11 topologias
.png Graphic file (type png)
<use Figuras/curva ROC por classe para XGB AUC=1.0 para todas as 11 topologias.
png>
Package pdftex.def Info: Figuras/curva ROC por classe para XGB AUC=1.0 para tod
as as 11 topologias.png  used on input line 1640.
(pdftex.def)             Requested size: 376.42575pt x 257.08823pt.


LaTeX Warning: Reference `figura33' on page 75 undefined on input line 1646.

<Figuras/matriz de confusão do XGB sobre o conjunto de teste.png, id=542, 923.
45pt x 788.9475pt>
File: Figuras/matriz de confusão do XGB sobre o conjunto de teste.png Graphic 
file (type png)
<use Figuras/matriz de confusão do XGB sobre o conjunto de teste.png>
Package pdftex.def Info: Figuras/matriz de confusão do XGB sobre o conjunto de
 teste.png  used on input line 1652.
(pdftex.def)             Requested size: 376.42575pt x 321.59258pt.

LaTeX Warning: Reference `figura34' on page 75 undefined on input line 1661.

<Figuras/relatório de classificação do XGB.png, id=543, 1023.825pt x 789.951
25pt>
File: Figuras/relatório de classificação do XGB.png Graphic file (type png)
<use Figuras/relatório de classificação do XGB.png>
Package pdftex.def Info: Figuras/relatório de classificação do XGB.png  used
 on input line 1669.
(pdftex.def)             Requested size: 376.42575pt x 290.43317pt.

LaTeX Warning: Reference `figura35' on page 75 undefined on input line 1678.


Underfull \vbox (badness 10000) has occurred while \output is active []

 [75 <./Figuras/matrix de confusão g), relatório de classificação h) e a cu
rva ROC i) do SVM.png>]
<Figuras/matrix de confusão j), relatório de classificação k) e curva ROC l
) do GB.png, id=550, 1290.8225pt x 727.71875pt>
File: Figuras/matrix de confusão j), relatório de classificação k) e curva 
ROC l) do GB.png Graphic file (type png)
<use Figuras/matrix de confusão j), relatório de classificação k) e curva R
OC l) do GB.png>
Package pdftex.def Info: Figuras/matrix de confusão j), relatório de classifi
cação k) e curva ROC l) do GB.png  used on input line 1693.
(pdftex.def)             Requested size: 376.42575pt x 212.21005pt.
 [76 <./Figuras/curva ROC por classe para XGB AUC=1.0 para todas as 11 topologi
as.png>]

LaTeX Warning: Reference `figura36' on page 77 undefined on input line 1702.


Underfull \vbox (badness 10000) has occurred while \output is active []

 [77 <./Figuras/matriz de confusão do XGB sobre o conjunto de teste.png>]
<Figuras/matriz de confusão m), relatório de classificação n) e curva ROC o
) do SGD.png, id=565, 1443.3925pt x 811.03pt>
File: Figuras/matriz de confusão m), relatório de classificação n) e curva 
ROC o) do SGD.png Graphic file (type png)
<use Figuras/matriz de confusão m), relatório de classificação n) e curva R
OC o) do SGD.png>
Package pdftex.def Info: Figuras/matriz de confusão m), relatório de classifi
cação n) e curva ROC o) do SGD.png  used on input line 1718.
(pdftex.def)             Requested size: 376.42575pt x 211.50633pt.


LaTeX Warning: Reference `figura37' on page 78 undefined on input line 1726.


Underfull \vbox (badness 3657) has occurred while \output is active []

 [78 <./Figuras/relatório de classificação do XGB.png>]
<Figuras/curva ROC por classe para o LGBM.png, id=573, 1182.4175pt x 836.12375p
t>
File: Figuras/curva ROC por classe para o LGBM.png Graphic file (type png)
<use Figuras/curva ROC por classe para o LGBM.png>
Package pdftex.def Info: Figuras/curva ROC por classe para o LGBM.png  used on 
input line 1743.
(pdftex.def)             Requested size: 376.42575pt x 266.17442pt.
 [79 <./Figuras/matrix de confusão j), relatório de classificação k) e curv
a ROC l) do GB.png>]

LaTeX Warning: Reference `figura38' on page 80 undefined on input line 1751.

<Figuras/matriz de confusão do LGBM sobre o conjunto de teste.png, id=581, 908
.39375pt x 816.04875pt>
File: Figuras/matriz de confusão do LGBM sobre o conjunto de teste.png Graphic
 file (type png)
<use Figuras/matriz de confusão do LGBM sobre o conjunto de teste.png>
Package pdftex.def Info: Figuras/matriz de confusão do LGBM sobre o conjunto d
e teste.png  used on input line 1759.
(pdftex.def)             Requested size: 376.42575pt x 338.15585pt.

LaTeX Warning: Reference `figura39' on page 80 undefined on input line 1769.

[80 <./Figuras/matriz de confusão m), relatório de classificação n) e curva
 ROC o) do SGD.png>]
Underfull \vbox (badness 10000) has occurred while \output is active []

 [81 <./Figuras/curva ROC por classe para o LGBM.png>] [82 <./Figuras/matriz de
 confusão do LGBM sobre o conjunto de teste.png>]
<Figuras/relatório de classificação LGDM.png, id=601, 954.56625pt x 735.7487
5pt>
File: Figuras/relatório de classificação LGDM.png Graphic file (type png)
<use Figuras/relatório de classificação LGDM.png>
Package pdftex.def Info: Figuras/relatório de classificação LGDM.png  used o
n input line 1793.
(pdftex.def)             Requested size: 376.42575pt x 290.12921pt.


LaTeX Warning: Reference `tab:3' on page 83 undefined on input line 1821.


LaTeX Warning: Reference `figura41' on page 83 undefined on input line 1821.

[83 <./Figuras/relatório de classificação LGDM.png>]
<Figuras/acurácia vs. Validação cruzada.png, id=609, 984.67876pt x 474.77374
pt>
File: Figuras/acurácia vs. Validação cruzada.png Graphic file (type png)
<use Figuras/acurácia vs. Validação cruzada.png>
Package pdftex.def Info: Figuras/acurácia vs. Validação cruzada.png  used on
 input line 1849.
(pdftex.def)             Requested size: 376.42575pt x 181.49532pt.
 [84]

LaTeX Warning: Reference `figura42' on page 85 undefined on input line 1869.

<Figuras/f1-score por topologia de circuito equivalente para os cinco melhores 
modelos avaliados.png, id=615, 1001.7425pt x 508.90125pt>
File: Figuras/f1-score por topologia de circuito equivalente para os cinco melh
ores modelos avaliados.png Graphic file (type png)
<use Figuras/f1-score por topologia de circuito equivalente para os cinco melho
res modelos avaliados.png>
Package pdftex.def Info: Figuras/f1-score por topologia de circuito equivalente
 para os cinco melhores modelos avaliados.png  used on input line 1877.
(pdftex.def)             Requested size: 376.42575pt x 191.23352pt.

Underfull \vbox (badness 10000) has occurred while \output is active []

 [85 <./Figuras/acurácia vs. Validação cruzada.png>] [86 <./Figuras/f1-score
 por topologia de circuito equivalente para os cinco melhores modelos avaliados
.png>]
Cap\'{\i }tulo 4.

Underfull \vbox (badness 10000) has occurred while \output is active []

 [87

]
Underfull \vbox (badness 10000) has occurred while \output is active []

 [88])
(./PaginasFinais.tex
No file main.bbl.
)
No file main.ind.
\tf@lof=\write5
\openout5 = `main.lof'.

\tf@lot=\write6
\openout6 = `main.lot'.

\tf@toc=\write7
\openout7 = `main.toc'.

(./main.aux)
 ***********
LaTeX2e <2026-06-01>
L3 programming layer <2020/03/25>
 ***********


LaTeX Warning: There were undefined references.


LaTeX Warning: Label(s) may have changed. Rerun to get cross-references right.

 )
(\end occurred inside a group at level 1)

### simple group (level 1) entered at line 1811 ({)
### bottom level 
Here is how much of TeX's memory you used:
 21937 strings out of 467168
 371332 string characters out of 5413706
 936017 words of memory out of 5000000
 50271 multiletter control sequences out of 15000+600000
 707106 words of font info for 304 fonts, out of 8000000 for 9000
 1141 hyphenation exceptions out of 8191
 99i,13n,107p,1001b,741s stack positions out of 10000i,1000n,20000p,200000b,200000s
<c:/texlive/2026/texmf-dist/fonts/type1/public/lm/lmex10.pfb><c
:/texlive/2026/texmf-dist/fonts/type1/public/lm/lmmi12.pfb><c:/texlive/2026/tex
mf-dist/fonts/type1/public/lm/lmmi6.pfb><c:/texlive/2026/texmf-dist/fonts/type1
/public/lm/lmmi8.pfb><c:/texlive/2026/texmf-dist/fonts/type1/public/lm/lmr12.pf
b><c:/texlive/2026/texmf-dist/fonts/type1/public/lm/lmr6.pfb><c:/texlive/2026/t
exmf-dist/fonts/type1/public/lm/lmr8.pfb><c:/texlive/2026/texmf-dist/fonts/type
1/public/lm/lmsy10.pfb><c:/texlive/2026/texmf-dist/fonts/type1/public/lm/lmsy6.
pfb><c:/texlive/2026/texmf-dist/fonts/type1/public/lm/lmsy8.pfb><c:/texlive/202
6/texmf-dist/fonts/type1/public/amsfonts/symbols/msbm10.pfb><c:/texlive/2026/te
xmf-dist/fonts/type1/public/cm-super/sfrm1200.pfb><c:/texlive/2026/texmf-dist/f
onts/type1/urw/courier/ucrr8a.pfb><c:/texlive/2026/texmf-dist/fonts/type1/urw/h
elvetic/uhvr8a.pfb><c:/texlive/2026/texmf-dist/fonts/type1/urw/times/utmb8a.pfb
><c:/texlive/2026/texmf-dist/fonts/type1/urw/times/utmbi8a.pfb><c:/texlive/2026
/texmf-dist/fonts/type1/urw/times/utmr8a.pfb><c:/texlive/2026/texmf-dist/fonts/
type1/urw/times/utmri8a.pfb>
Output written on main.pdf (90 pages, 3929408 bytes).
PDF statistics:
 908 PDF objects out of 1000 (max. 8388607)
 689 compressed objects within 7 object streams
 242 named destinations out of 1000 (max. 500000)
 56371 words of extra memory for PDF output out of 61914 (max. 10000000)

